ERROR: 2021/09/07 08:34:32 listing11.go:46: Something has failed
